{
    "isbn": "234-456-2210",
    "id": "12345678",
    "issue": "US",
    "author": {
      "lastname": "Shawn",
      "firstname": "Peter"
    },
    "category": [
      "Non-Fiction"
    ],
    "amount": 2000,
    "address": {
      "home": {
        "line1": "Address Line1",
        "line2": "Address Line2",
        "line3": "Address Line 3",
        "country": "SG"
      }
    },
    "isCertified": true,
    "intructionDateTime": "2024-04-04 00:06:14.490Z"
  }