[
  {
    "ISIN": "BBACLBBX",
    "fund": {
      "short_name": "Incredible Wooden Hat",
      "long_name": "Buckridge - Bergstrom"
    }
  },
  {
    "ISIN": "SUCBSDK1",
    "fund": {
      "short_name": "Licensed Metal Bacon",
      "long_name": "Friesen - Balistreri"
    }
  },
  {
    "ISIN": "CBGIGYGG",
    "fund": {
      "short_name": "Fantastic Fresh Hat",
      "long_name": "Daniel Group"
    }
  },
  {
    "ISIN": "DSETSES1",
    "fund": {
      "short_name": "Practical Concrete Tuna",
      "long_name": "Beahan, Cormier and Champlin"
    }
  },
  {
    "ISIN": "CSJLJPJ1",
    "fund": {
      "short_name": "Refined Soft Car",
      "long_name": "Strosin and Sons"
    }
  },
  {
    "ISIN": "PRTLAOLU",
    "fund": {
      "short_name": "Ergonomic Metal Table",
      "long_name": "O'Connell - Boyer"
    }
  },
  {
    "ISIN": "MUCBPKKABSG",
    "fund": {
      "short_name": "Practical Cotton Table",
      "long_name": "Ledner - Rice"
    }
  },
  {
    "ISIN": "AUBBIQBA805",
    "fund": {
      "short_name": "Sleek Granite Hat",
      "long_name": "Cronin Group"
    }
  },
  {
    "ISIN": "DFCUUGKA",
    "fund": {
      "short_name": "Awesome Frozen Sausages",
      "long_name": "Rodriguez, Beahan and Raynor"
    }
  },
  {
    "ISIN": "COMBKWKWGTT",
    "fund": {
      "short_name": "Practical Metal Fish",
      "long_name": "Davis, Stokes and Schumm"
    }
  },
  {
    "ISIN": "EOJSTJ21",
    "fund": {
      "short_name": "Practical Wooden Hat",
      "long_name": "Hackett, Kerluke and Price"
    }
  },
  {
    "ISIN": "KZKOTJ22",
    "fund": {
      "short_name": "Refined Soft Salad",
      "long_name": "Nader Inc"
    }
  },
  {
    "ISIN": "EABDDJJD",
    "fund": {
      "short_name": "Refined Wooden Towels",
      "long_name": "Nolan Inc"
    }
  },
  {
    "ISIN": "AGRIGFG1SDM",
    "fund": {
      "short_name": "Handmade Granite Fish",
      "long_name": "Lind - Luettgen"
    }
  },
  {
    "ISIN": "ECOCLRLM",
    "fund": {
      "short_name": "Rustic Frozen Table",
      "long_name": "Dibbert and Sons"
    }
  },
  {
    "ISIN": "PUNBINBBMAU",
    "fund": {
      "short_name": "Licensed Soft Hat",
      "long_name": "Wunsch Group"
    }
  },
  {
    "ISIN": "PIBBRS21",
    "fund": {
      "short_name": "Tasty Concrete Towels",
      "long_name": "Grady and Sons"
    }
  },
  {
    "ISIN": "BATSCMC1",
    "fund": {
      "short_name": "Incredible Metal Soap",
      "long_name": "Mills - Rath"
    }
  },
  {
    "ISIN": "PMODMD21",
    "fund": {
      "short_name": "Rustic Rubber Fish",
      "long_name": "Rau, Treutel and Veum"
    }
  },
  {
    "ISIN": "BNCTTLDD",
    "fund": {
      "short_name": "Refined Plastic Pants",
      "long_name": "King, Hegmann and Greenholt"
    }
  },
  {
    "ISIN": "BCGMMCM1",
    "fund": {
      "short_name": "Intelligent Granite Chair",
      "long_name": "Carroll Inc"
    }
  },
  {
    "ISIN": "SBMBEE22",
    "fund": {
      "short_name": "Unbranded Granite Soap",
      "long_name": "Lakin - Rempel"
    }
  },
  {
    "ISIN": "IFCCSKB1",
    "fund": {
      "short_name": "Licensed Wooden Cheese",
      "long_name": "Hegmann, Krajcik and Daniel"
    }
  },
  {
    "ISIN": "IVOJSSJB",
    "fund": {
      "short_name": "Refined Granite Keyboard",
      "long_name": "Tremblay Inc"
    }
  },
  {
    "ISIN": "ICBKCNBJCZI",
    "fund": {
      "short_name": "Licensed Concrete Pizza",
      "long_name": "Champlin - Howell"
    }
  },
  {
    "ISIN": "NOSCSXSM",
    "fund": {
      "short_name": "Small Rubber Gloves",
      "long_name": "Frami, Koss and Gulgowski"
    }
  },
  {
    "ISIN": "CDEVBBBB",
    "fund": {
      "short_name": "Unbranded Fresh Mouse",
      "long_name": "Witting and Sons"
    }
  },
  {
    "ISIN": "SCBLNGLAPYT",
    "fund": {
      "short_name": "Tasty Steel Towels",
      "long_name": "Wisoky - Ziemann"
    }
  },
  {
    "ISIN": "CMSYSYDAHA3",
    "fund": {
      "short_name": "Fantastic Wooden Salad",
      "long_name": "Beatty LLC"
    }
  },
  {
    "ISIN": "IBBIWSW1",
    "fund": {
      "short_name": "Licensed Soft Salad",
      "long_name": "Bayer LLC"
    }
  },
  {
    "ISIN": "BKMTAM22",
    "fund": {
      "short_name": "Intelligent Soft Sausages",
      "long_name": "Marks - Ortiz"
    }
  },
  {
    "ISIN": "SCBLFKFK",
    "fund": {
      "short_name": "Incredible Fresh Chips",
      "long_name": "Hane, Okuneva and Breitenberg"
    }
  },
  {
    "ISIN": "MGTCBEBET14",
    "fund": {
      "short_name": "Small Frozen Chair",
      "long_name": "Blick - Reilly"
    }
  },
  {
    "ISIN": "YBRDYESA",
    "fund": {
      "short_name": "Incredible Granite Cheese",
      "long_name": "Klocko - Reichel"
    }
  },
  {
    "ISIN": "HBBAMEPG",
    "fund": {
      "short_name": "Licensed Wooden Chair",
      "long_name": "Brown - Gottlieb"
    }
  },
  {
    "ISIN": "GVABAGAG",
    "fund": {
      "short_name": "Rustic Wooden Shoes",
      "long_name": "Daniel, King and Lebsack"
    }
  },
  {
    "ISIN": "NABTTVTV",
    "fund": {
      "short_name": "Generic Fresh Sausages",
      "long_name": "Russel Group"
    }
  },
  {
    "ISIN": "FIRBILITCBR",
    "fund": {
      "short_name": "Small Granite Ball",
      "long_name": "Bahringer, Fadel and Brekke"
    }
  },
  {
    "ISIN": "ECOCCFCF",
    "fund": {
      "short_name": "Small Concrete Tuna",
      "long_name": "Schaefer, Smith and Schmidt"
    }
  },
  {
    "ISIN": "SGIMJES1",
    "fund": {
      "short_name": "Rustic Frozen Shoes",
      "long_name": "Larson, Hintz and Beier"
    }
  },
  {
    "ISIN": "DEUTITM1512",
    "fund": {
      "short_name": "Intelligent Frozen Car",
      "long_name": "Bauch, Koss and Gerlach"
    }
  },
  {
    "ISIN": "SOABHNT1",
    "fund": {
      "short_name": "Sleek Plastic Chair",
      "long_name": "Flatley - Haag"
    }
  },
  {
    "ISIN": "NOSCSXSM",
    "fund": {
      "short_name": "Tasty Concrete Fish",
      "long_name": "Weimann, Harber and Leuschke"
    }
  },
  {
    "ISIN": "ACCRNZ21",
    "fund": {
      "short_name": "Fantastic Rubber Table",
      "long_name": "Gislason, Tromp and Pollich"
    }
  },
  {
    "ISIN": "NCBGGDGD",
    "fund": {
      "short_name": "Rustic Fresh Fish",
      "long_name": "Robel LLC"
    }
  },
  {
    "ISIN": "ALLNHR21",
    "fund": {
      "short_name": "Small Steel Gloves",
      "long_name": "Kautzer Group"
    }
  }
]
